[    3041ms] [INFO] %cDownload the React DevTools for a better development experience: https://react.dev/link/react-devtools font-weight:bold @ http://127.0.0.1:52938/_next/static/chunks/0aet_next_dist_0crlo1-._.js:2477
[    3087ms] [LOG] [HMR] connected @ http://127.0.0.1:52938/_next/static/chunks/0aet_next_dist_0crlo1-._.js:2477
[    4036ms] [ERROR] Failed to load resource: the server responded with a status of 500 (Internal Server Error) @ http://127.0.0.1:52938/api/amr/models:0
[  299236ms] [LOG] [Fast Refresh] rebuilding @ http://127.0.0.1:52938/_next/static/chunks/0aet_next_dist_0crlo1-._.js:2477
[  299265ms] [LOG] [Fast Refresh] done in 100ms @ http://127.0.0.1:52938/_next/static/chunks/0aet_next_dist_0crlo1-._.js:2477
[  323629ms] [INFO] %cDownload the React DevTools for a better development experience: https://react.dev/link/react-devtools font-weight:bold @ http://127.0.0.1:52938/_next/static/chunks/0aet_next_dist_0crlo1-._.js:2477
[  323642ms] [LOG] [HMR] connected @ http://127.0.0.1:52938/_next/static/chunks/0aet_next_dist_0crlo1-._.js:2477
[  324368ms] [ERROR] Failed to load resource: the server responded with a status of 500 (Internal Server Error) @ http://127.0.0.1:52938/api/amr/models:0
[ 1018696ms] [LOG] [Fast Refresh] rebuilding @ http://127.0.0.1:52938/_next/static/chunks/0aet_next_dist_0crlo1-._.js:2477
[ 1018724ms] [LOG] [Fast Refresh] done in 74ms @ http://127.0.0.1:52938/_next/static/chunks/0aet_next_dist_0crlo1-._.js:2477
[ 1225406ms] [LOG] [Fast Refresh] rebuilding @ http://127.0.0.1:52938/_next/static/chunks/0aet_next_dist_0crlo1-._.js:2477
[ 1225431ms] [LOG] [Fast Refresh] done in 79ms @ http://127.0.0.1:52938/_next/static/chunks/0aet_next_dist_0crlo1-._.js:2477
[ 4441550ms] [LOG] [Fast Refresh] rebuilding @ http://127.0.0.1:52938/_next/static/chunks/0aet_next_dist_0crlo1-._.js:2477
[ 4442234ms] [WARNING] [Fast Refresh] performing full reload

Fast Refresh will perform a full reload when you edit a file that's imported by modules outside of the React rendering tree.
You might have a file which exports a React component but also exports a value that is imported by a non-React component file.
Consider migrating the non-React component export to a separate file and importing it into both files.

It is also possible the parent component of the component you edited is a class component, which disables Fast Refresh.
Fast Refresh requires at least one parent function component in your React tree. @ http://127.0.0.1:52938/_next/static/chunks/0aet_next_dist_0crlo1-._.js:2477
[ 4442413ms] [LOG] [Fast Refresh] done in 758ms @ http://127.0.0.1:52938/_next/static/chunks/0aet_next_dist_0crlo1-._.js:2477
[ 4442915ms] [INFO] %cDownload the React DevTools for a better development experience: https://react.dev/link/react-devtools font-weight:bold @ http://127.0.0.1:52938/_next/static/chunks/0aet_next_dist_0crlo1-._.js:2477
[ 4442935ms] [LOG] [HMR] connected @ http://127.0.0.1:52938/_next/static/chunks/0aet_next_dist_0crlo1-._.js:2477
[ 4444574ms] [ERROR] Failed to load resource: the server responded with a status of 500 (Internal Server Error) @ http://127.0.0.1:52938/api/amr/models:0
[ 4465716ms] [LOG] [Fast Refresh] rebuilding @ http://127.0.0.1:52938/_next/static/chunks/0aet_next_dist_0crlo1-._.js:2477
[ 4466390ms] [WARNING] [Fast Refresh] performing full reload

Fast Refresh will perform a full reload when you edit a file that's imported by modules outside of the React rendering tree.
You might have a file which exports a React component but also exports a value that is imported by a non-React component file.
Consider migrating the non-React component export to a separate file and importing it into both files.

It is also possible the parent component of the component you edited is a class component, which disables Fast Refresh.
Fast Refresh requires at least one parent function component in your React tree. @ http://127.0.0.1:52938/_next/static/chunks/0aet_next_dist_0crlo1-._.js:2477
[ 4466562ms] [LOG] [Fast Refresh] done in 745ms @ http://127.0.0.1:52938/_next/static/chunks/0aet_next_dist_0crlo1-._.js:2477
[ 4467067ms] [INFO] %cDownload the React DevTools for a better development experience: https://react.dev/link/react-devtools font-weight:bold @ http://127.0.0.1:52938/_next/static/chunks/0aet_next_dist_0crlo1-._.js:2477
[ 4467079ms] [LOG] [HMR] connected @ http://127.0.0.1:52938/_next/static/chunks/0aet_next_dist_0crlo1-._.js:2477
[ 4468744ms] [ERROR] Failed to load resource: the server responded with a status of 500 (Internal Server Error) @ http://127.0.0.1:52938/api/amr/models:0
[ 4470825ms] [LOG] [Fast Refresh] rebuilding @ http://127.0.0.1:52938/_next/static/chunks/0aet_next_dist_0crlo1-._.js:2477
[ 4471572ms] [WARNING] [Fast Refresh] performing full reload

Fast Refresh will perform a full reload when you edit a file that's imported by modules outside of the React rendering tree.
You might have a file which exports a React component but also exports a value that is imported by a non-React component file.
Consider migrating the non-React component export to a separate file and importing it into both files.

It is also possible the parent component of the component you edited is a class component, which disables Fast Refresh.
Fast Refresh requires at least one parent function component in your React tree. @ http://127.0.0.1:52938/_next/static/chunks/0aet_next_dist_0crlo1-._.js:2477
[ 4471752ms] [LOG] [Fast Refresh] done in 828ms @ http://127.0.0.1:52938/_next/static/chunks/0aet_next_dist_0crlo1-._.js:2477
[ 4472221ms] [INFO] %cDownload the React DevTools for a better development experience: https://react.dev/link/react-devtools font-weight:bold @ http://127.0.0.1:52938/_next/static/chunks/0aet_next_dist_0crlo1-._.js:2477
[ 4472241ms] [LOG] [HMR] connected @ http://127.0.0.1:52938/_next/static/chunks/0aet_next_dist_0crlo1-._.js:2477
[ 4473771ms] [ERROR] Failed to load resource: the server responded with a status of 500 (Internal Server Error) @ http://127.0.0.1:52938/api/amr/models:0
[ 4478426ms] [LOG] [Fast Refresh] rebuilding @ http://127.0.0.1:52938/_next/static/chunks/0aet_next_dist_0crlo1-._.js:2477
[ 4478539ms] [WARNING] [Fast Refresh] performing full reload

Fast Refresh will perform a full reload when you edit a file that's imported by modules outside of the React rendering tree.
You might have a file which exports a React component but also exports a value that is imported by a non-React component file.
Consider migrating the non-React component export to a separate file and importing it into both files.

It is also possible the parent component of the component you edited is a class component, which disables Fast Refresh.
Fast Refresh requires at least one parent function component in your React tree. @ http://127.0.0.1:52938/_next/static/chunks/0aet_next_dist_0crlo1-._.js:2477
[ 4478552ms] [LOG] [Fast Refresh] done in 117ms @ http://127.0.0.1:52938/_next/static/chunks/0aet_next_dist_0crlo1-._.js:2477
[ 4478568ms] [LOG] [Fast Refresh] rebuilding @ http://127.0.0.1:52938/_next/static/chunks/0aet_next_dist_0crlo1-._.js:2477
[ 4478575ms] [WARNING] [Fast Refresh] performing full reload

Fast Refresh will perform a full reload when you edit a file that's imported by modules outside of the React rendering tree.
You might have a file which exports a React component but also exports a value that is imported by a non-React component file.
Consider migrating the non-React component export to a separate file and importing it into both files.

It is also possible the parent component of the component you edited is a class component, which disables Fast Refresh.
Fast Refresh requires at least one parent function component in your React tree. @ http://127.0.0.1:52938/_next/static/chunks/0aet_next_dist_0crlo1-._.js:2477
[ 4478582ms] [WARNING] [Fast Refresh] performing full reload

Fast Refresh will perform a full reload when you edit a file that's imported by modules outside of the React rendering tree.
You might have a file which exports a React component but also exports a value that is imported by a non-React component file.
Consider migrating the non-React component export to a separate file and importing it into both files.

It is also possible the parent component of the component you edited is a class component, which disables Fast Refresh.
Fast Refresh requires at least one parent function component in your React tree. @ http://127.0.0.1:52938/_next/static/chunks/0aet_next_dist_0crlo1-._.js:2477
[ 4478594ms] [WARNING] [Fast Refresh] performing full reload

Fast Refresh will perform a full reload when you edit a file that's imported by modules outside of the React rendering tree.
You might have a file which exports a React component but also exports a value that is imported by a non-React component file.
Consider migrating the non-React component export to a separate file and importing it into both files.

It is also possible the parent component of the component you edited is a class component, which disables Fast Refresh.
Fast Refresh requires at least one parent function component in your React tree. @ http://127.0.0.1:52938/_next/static/chunks/0aet_next_dist_0crlo1-._.js:2477
[ 4478598ms] [LOG] [Fast Refresh] done in 41ms @ http://127.0.0.1:52938/_next/static/chunks/0aet_next_dist_0crlo1-._.js:2477
[ 4478620ms] [LOG] [Fast Refresh] rebuilding @ http://127.0.0.1:52938/_next/static/chunks/0aet_next_dist_0crlo1-._.js:2477
[ 4478627ms] [WARNING] [Fast Refresh] performing full reload

Fast Refresh will perform a full reload when you edit a file that's imported by modules outside of the React rendering tree.
You might have a file which exports a React component but also exports a value that is imported by a non-React component file.
Consider migrating the non-React component export to a separate file and importing it into both files.

It is also possible the parent component of the component you edited is a class component, which disables Fast Refresh.
Fast Refresh requires at least one parent function component in your React tree. @ http://127.0.0.1:52938/_next/static/chunks/0aet_next_dist_0crlo1-._.js:2477
[ 4478636ms] [LOG] [Fast Refresh] done in 29ms @ http://127.0.0.1:52938/_next/static/chunks/0aet_next_dist_0crlo1-._.js:2477
[ 4478671ms] [LOG] [Fast Refresh] rebuilding @ http://127.0.0.1:52938/_next/static/chunks/0aet_next_dist_0crlo1-._.js:2477
[ 4478678ms] [WARNING] [Fast Refresh] performing full reload

Fast Refresh will perform a full reload when you edit a file that's imported by modules outside of the React rendering tree.
You might have a file which exports a React component but also exports a value that is imported by a non-React component file.
Consider migrating the non-React component export to a separate file and importing it into both files.

It is also possible the parent component of the component you edited is a class component, which disables Fast Refresh.
Fast Refresh requires at least one parent function component in your React tree. @ http://127.0.0.1:52938/_next/static/chunks/0aet_next_dist_0crlo1-._.js:2477
[ 4478687ms] [LOG] [Fast Refresh] done in 42ms @ http://127.0.0.1:52938/_next/static/chunks/0aet_next_dist_0crlo1-._.js:2477
[ 4478755ms] [LOG] [Fast Refresh] rebuilding @ http://127.0.0.1:52938/_next/static/chunks/0aet_next_dist_0crlo1-._.js:2477
[ 4478769ms] [WARNING] [Fast Refresh] performing full reload

Fast Refresh will perform a full reload when you edit a file that's imported by modules outside of the React rendering tree.
You might have a file which exports a React component but also exports a value that is imported by a non-React component file.
Consider migrating the non-React component export to a separate file and importing it into both files.

It is also possible the parent component of the component you edited is a class component, which disables Fast Refresh.
Fast Refresh requires at least one parent function component in your React tree. @ http://127.0.0.1:52938/_next/static/chunks/0aet_next_dist_0crlo1-._.js:2477
[ 4478770ms] [LOG] [Fast Refresh] done in 81ms @ http://127.0.0.1:52938/_next/static/chunks/0aet_next_dist_0crlo1-._.js:2477
[ 4478777ms] [LOG] [Fast Refresh] rebuilding @ http://127.0.0.1:52938/_next/static/chunks/0aet_next_dist_0crlo1-._.js:2477
[ 4478781ms] [WARNING] [Fast Refresh] performing full reload

Fast Refresh will perform a full reload when you edit a file that's imported by modules outside of the React rendering tree.
You might have a file which exports a React component but also exports a value that is imported by a non-React component file.
Consider migrating the non-React component export to a separate file and importing it into both files.

It is also possible the parent component of the component you edited is a class component, which disables Fast Refresh.
Fast Refresh requires at least one parent function component in your React tree. @ http://127.0.0.1:52938/_next/static/chunks/0aet_next_dist_0crlo1-._.js:2477
[ 4478795ms] [WARNING] [Fast Refresh] performing full reload

Fast Refresh will perform a full reload when you edit a file that's imported by modules outside of the React rendering tree.
You might have a file which exports a React component but also exports a value that is imported by a non-React component file.
Consider migrating the non-React component export to a separate file and importing it into both files.

It is also possible the parent component of the component you edited is a class component, which disables Fast Refresh.
Fast Refresh requires at least one parent function component in your React tree. @ http://127.0.0.1:52938/_next/static/chunks/0aet_next_dist_0crlo1-._.js:2477
[ 4478800ms] [LOG] [Fast Refresh] done in 26ms @ http://127.0.0.1:52938/_next/static/chunks/0aet_next_dist_0crlo1-._.js:2477
[ 4478898ms] [LOG] [Fast Refresh] rebuilding @ http://127.0.0.1:52938/_next/static/chunks/0aet_next_dist_0crlo1-._.js:2477
[ 4478906ms] [WARNING] [Fast Refresh] performing full reload

Fast Refresh will perform a full reload when you edit a file that's imported by modules outside of the React rendering tree.
You might have a file which exports a React component but also exports a value that is imported by a non-React component file.
Consider migrating the non-React component export to a separate file and importing it into both files.

It is also possible the parent component of the component you edited is a class component, which disables Fast Refresh.
Fast Refresh requires at least one parent function component in your React tree. @ http://127.0.0.1:52938/_next/static/chunks/0aet_next_dist_0crlo1-._.js:2477
[ 4478907ms] [LOG] [Fast Refresh] done in 106ms @ http://127.0.0.1:52938/_next/static/chunks/0aet_next_dist_0crlo1-._.js:2477
[ 4478921ms] [LOG] [Fast Refresh] rebuilding @ http://127.0.0.1:52938/_next/static/chunks/0aet_next_dist_0crlo1-._.js:2477
[ 4478928ms] [WARNING] [Fast Refresh] performing full reload

Fast Refresh will perform a full reload when you edit a file that's imported by modules outside of the React rendering tree.
You might have a file which exports a React component but also exports a value that is imported by a non-React component file.
Consider migrating the non-React component export to a separate file and importing it into both files.

It is also possible the parent component of the component you edited is a class component, which disables Fast Refresh.
Fast Refresh requires at least one parent function component in your React tree. @ http://127.0.0.1:52938/_next/static/chunks/0aet_next_dist_0crlo1-._.js:2477
[ 4478928ms] [LOG] [Fast Refresh] done in 21ms @ http://127.0.0.1:52938/_next/static/chunks/0aet_next_dist_0crlo1-._.js:2477
[ 4478950ms] [LOG] [Fast Refresh] rebuilding @ http://127.0.0.1:52938/_next/static/chunks/0aet_next_dist_0crlo1-._.js:2477
[ 4478954ms] [WARNING] [Fast Refresh] performing full reload

Fast Refresh will perform a full reload when you edit a file that's imported by modules outside of the React rendering tree.
You might have a file which exports a React component but also exports a value that is imported by a non-React component file.
Consider migrating the non-React component export to a separate file and importing it into both files.

It is also possible the parent component of the component you edited is a class component, which disables Fast Refresh.
Fast Refresh requires at least one parent function component in your React tree. @ http://127.0.0.1:52938/_next/static/chunks/0aet_next_dist_0crlo1-._.js:2477
[ 4478967ms] [WARNING] [Fast Refresh] performing full reload

Fast Refresh will perform a full reload when you edit a file that's imported by modules outside of the React rendering tree.
You might have a file which exports a React component but also exports a value that is imported by a non-React component file.
Consider migrating the non-React component export to a separate file and importing it into both files.

It is also possible the parent component of the component you edited is a class component, which disables Fast Refresh.
Fast Refresh requires at least one parent function component in your React tree. @ http://127.0.0.1:52938/_next/static/chunks/0aet_next_dist_0crlo1-._.js:2477
[ 4479005ms] [LOG] [Fast Refresh] done in 38ms @ http://127.0.0.1:52938/_next/static/chunks/0aet_next_dist_0crlo1-._.js:2477
[ 4479107ms] [LOG] [Fast Refresh] rebuilding @ http://127.0.0.1:52938/_next/static/chunks/0aet_next_dist_0crlo1-._.js:2477
[ 4479138ms] [WARNING] [Fast Refresh] performing full reload

Fast Refresh will perform a full reload when you edit a file that's imported by modules outside of the React rendering tree.
You might have a file which exports a React component but also exports a value that is imported by a non-React component file.
Consider migrating the non-React component export to a separate file and importing it into both files.

It is also possible the parent component of the component you edited is a class component, which disables Fast Refresh.
Fast Refresh requires at least one parent function component in your React tree. @ http://127.0.0.1:52938/_next/static/chunks/0aet_next_dist_0crlo1-._.js:2477
[ 4479159ms] [LOG] [Fast Refresh] done in 131ms @ http://127.0.0.1:52938/_next/static/chunks/0aet_next_dist_0crlo1-._.js:2477
[ 4479209ms] [LOG] [Fast Refresh] rebuilding @ http://127.0.0.1:52938/_next/static/chunks/0aet_next_dist_0crlo1-._.js:2477
[ 4479225ms] [WARNING] [Fast Refresh] performing full reload

Fast Refresh will perform a full reload when you edit a file that's imported by modules outside of the React rendering tree.
You might have a file which exports a React component but also exports a value that is imported by a non-React component file.
Consider migrating the non-React component export to a separate file and importing it into both files.

It is also possible the parent component of the component you edited is a class component, which disables Fast Refresh.
Fast Refresh requires at least one parent function component in your React tree. @ http://127.0.0.1:52938/_next/static/chunks/0aet_next_dist_0crlo1-._.js:2477
[ 4479225ms] [LOG] [Fast Refresh] done in 65ms @ http://127.0.0.1:52938/_next/static/chunks/0aet_next_dist_0crlo1-._.js:2477
[ 4479246ms] [LOG] [Fast Refresh] rebuilding @ http://127.0.0.1:52938/_next/static/chunks/0aet_next_dist_0crlo1-._.js:2477
[ 4479263ms] [WARNING] [Fast Refresh] performing full reload

Fast Refresh will perform a full reload when you edit a file that's imported by modules outside of the React rendering tree.
You might have a file which exports a React component but also exports a value that is imported by a non-React component file.
Consider migrating the non-React component export to a separate file and importing it into both files.

It is also possible the parent component of the component you edited is a class component, which disables Fast Refresh.
Fast Refresh requires at least one parent function component in your React tree. @ http://127.0.0.1:52938/_next/static/chunks/0aet_next_dist_0crlo1-._.js:2477
[ 4479263ms] [LOG] [Fast Refresh] done in 37ms @ http://127.0.0.1:52938/_next/static/chunks/0aet_next_dist_0crlo1-._.js:2477
[ 4479352ms] [LOG] [Fast Refresh] rebuilding @ http://127.0.0.1:52938/_next/static/chunks/0aet_next_dist_0crlo1-._.js:2477
[ 4479367ms] [WARNING] [Fast Refresh] performing full reload

Fast Refresh will perform a full reload when you edit a file that's imported by modules outside of the React rendering tree.
You might have a file which exports a React component but also exports a value that is imported by a non-React component file.
Consider migrating the non-React component export to a separate file and importing it into both files.

It is also possible the parent component of the component you edited is a class component, which disables Fast Refresh.
Fast Refresh requires at least one parent function component in your React tree. @ http://127.0.0.1:52938/_next/static/chunks/0aet_next_dist_0crlo1-._.js:2477
[ 4479368ms] [LOG] [Fast Refresh] done in 103ms @ http://127.0.0.1:52938/_next/static/chunks/0aet_next_dist_0crlo1-._.js:2477
[ 4479383ms] [LOG] [Fast Refresh] rebuilding @ http://127.0.0.1:52938/_next/static/chunks/0aet_next_dist_0crlo1-._.js:2477
[ 4479392ms] [WARNING] [Fast Refresh] performing full reload

Fast Refresh will perform a full reload when you edit a file that's imported by modules outside of the React rendering tree.
You might have a file which exports a React component but also exports a value that is imported by a non-React component file.
Consider migrating the non-React component export to a separate file and importing it into both files.

It is also possible the parent component of the component you edited is a class component, which disables Fast Refresh.
Fast Refresh requires at least one parent function component in your React tree. @ http://127.0.0.1:52938/_next/static/chunks/0aet_next_dist_0crlo1-._.js:2477
[ 4479392ms] [LOG] [Fast Refresh] done in 24ms @ http://127.0.0.1:52938/_next/static/chunks/0aet_next_dist_0crlo1-._.js:2477
[ 4479422ms] [LOG] [Fast Refresh] rebuilding @ http://127.0.0.1:52938/_next/static/chunks/0aet_next_dist_0crlo1-._.js:2477
[ 4479438ms] [WARNING] [Fast Refresh] performing full reload

Fast Refresh will perform a full reload when you edit a file that's imported by modules outside of the React rendering tree.
You might have a file which exports a React component but also exports a value that is imported by a non-React component file.
Consider migrating the non-React component export to a separate file and importing it into both files.

It is also possible the parent component of the component you edited is a class component, which disables Fast Refresh.
Fast Refresh requires at least one parent function component in your React tree. @ http://127.0.0.1:52938/_next/static/chunks/0aet_next_dist_0crlo1-._.js:2477
[ 4479452ms] [WARNING] [Fast Refresh] performing full reload

Fast Refresh will perform a full reload when you edit a file that's imported by modules outside of the React rendering tree.
You might have a file which exports a React component but also exports a value that is imported by a non-React component file.
Consider migrating the non-React component export to a separate file and importing it into both files.

It is also possible the parent component of the component you edited is a class component, which disables Fast Refresh.
Fast Refresh requires at least one parent function component in your React tree. @ http://127.0.0.1:52938/_next/static/chunks/0aet_next_dist_0crlo1-._.js:2477
[ 4479462ms] [LOG] [Fast Refresh] done in 60ms @ http://127.0.0.1:52938/_next/static/chunks/0aet_next_dist_0crlo1-._.js:2477
[ 4479521ms] [LOG] [Fast Refresh] rebuilding @ http://127.0.0.1:52938/_next/static/chunks/0aet_next_dist_0crlo1-._.js:2477
[ 4479530ms] [WARNING] [Fast Refresh] performing full reload

Fast Refresh will perform a full reload when you edit a file that's imported by modules outside of the React rendering tree.
You might have a file which exports a React component but also exports a value that is imported by a non-React component file.
Consider migrating the non-React component export to a separate file and importing it into both files.

It is also possible the parent component of the component you edited is a class component, which disables Fast Refresh.
Fast Refresh requires at least one parent function component in your React tree. @ http://127.0.0.1:52938/_next/static/chunks/0aet_next_dist_0crlo1-._.js:2477
[ 4479530ms] [LOG] [Fast Refresh] done in 68ms @ http://127.0.0.1:52938/_next/static/chunks/0aet_next_dist_0crlo1-._.js:2477
[ 4480035ms] [INFO] %cDownload the React DevTools for a better development experience: https://react.dev/link/react-devtools font-weight:bold @ http://127.0.0.1:52938/_next/static/chunks/0aet_next_dist_0crlo1-._.js:2477
[ 4480046ms] [LOG] [HMR] connected @ http://127.0.0.1:52938/_next/static/chunks/0aet_next_dist_0crlo1-._.js:2477
[ 4481399ms] [ERROR] Failed to load resource: the server responded with a status of 500 (Internal Server Error) @ http://127.0.0.1:52938/api/amr/models:0
[ 4783690ms] [LOG] [Fast Refresh] rebuilding @ http://127.0.0.1:52938/_next/static/chunks/0aet_next_dist_0crlo1-._.js:2477
[ 4784319ms] [ERROR] ./apps/web/src/components/AssistantMessage.tsx:60:7
Expected ',', got 'ident'
  58 |
  59 | // Injected by customize.ts — set to true to re-enable Discord CTAs
> 60 | const __OD_DISCORD = false;
     |       ^^^^^^^^^^^^
  61 |
  62 |   AgentEvent,
  63 |   ChatMessage,

Parsing ecmascript source code failed

Import trace:
  Client Component Browser:
    ./apps/web/src/components/AssistantMessage.tsx [Client Component Browser]
    ./apps/web/src/components/ChatPane.tsx [Client Component Browser]
    ./apps/web/src/components/DesignSystemFlow.tsx [Client Component Browser]
    ./apps/web/src/App.tsx [Client Component Browser]
    ./apps/web/app/[[...slug]]/client-app.tsx [Client Component Browser]
    ./apps/web/app/[[...slug]]/client-app.tsx [Server Component]
    ./apps/web/app/[[...slug]]/page.tsx [Server Component] @ http://127.0.0.1:52938/_next/static/chunks/0aet_next_dist_0crlo1-._.js:3318
[ 4784319ms] [ERROR] ./apps/web/src/components/EntryShell.tsx:141:7
Expected ',', got 'ident'
  139 |
  140 | // Injected by customize.ts — set to true to re-enable Discord CTAs
> 141 | const __OD_DISCORD = false;
      |       ^^^^^^^^^^^^
  142 |
  143 |   providerModelsCacheKey,
  144 |   type ProviderModelsCache,

Parsing ecmascript source code failed

Import trace:
  Client Component Browser:
    ./apps/web/src/components/EntryShell.tsx [Client Component Browser]
    ./apps/web/src/components/EntryView.tsx [Client Component Browser]
    ./apps/web/src/App.tsx [Client Component Browser]
    ./apps/web/app/[[...slug]]/client-app.tsx [Client Component Browser]
    ./apps/web/app/[[...slug]]/client-app.tsx [Server Component]
    ./apps/web/app/[[...slug]]/page.tsx [Server Component] @ http://127.0.0.1:52938/_next/static/chunks/0aet_next_dist_0crlo1-._.js:3318
[ 4784319ms] [ERROR] Failed to load resource: the server responded with a status of 500 (Internal Server Error) @ http://127.0.0.1:52938/projects?_rsc=_0r4Hy36CpKDM-pY:0
[ 4784396ms] [ERROR] Failed to load resource: the server responded with a status of 500 (Internal Server Error) @ http://127.0.0.1:52938/projects:0
[ 4784531ms] [INFO] %cDownload the React DevTools for a better development experience: https://reactjs.org/link/react-devtools font-weight:bold @ http://127.0.0.1:52938/_next/static/chunks/0xd~_react-dom_cjs_react-dom_development_0-qdgb3.js:25055
[ 4784580ms] Error: ./apps/web/src/components/AssistantMessage.tsx:60:7
Expected ',', got 'ident'
  58 |
  59 | // Injected by customize.ts — set to true to re-enable Discord CTAs
> 60 | const __OD_DISCORD = false;
     |       ^^^^^^^^^^^^
  61 |
  62 |   AgentEvent,
  63 |   ChatMessage,

Parsing ecmascript source code failed

Import trace:
  Client Component Browser:
    ./apps/web/src/components/AssistantMessage.tsx [Client Component Browser]
    ./apps/web/src/components/ChatPane.tsx [Client Component Browser]
    ./apps/web/src/components/DesignSystemFlow.tsx [Client Component Browser]
    ./apps/web/src/App.tsx [Client Component Browser]
    ./apps/web/app/[[...slug]]/client-app.tsx [Client Component Browser]
    ./apps/web/app/[[...slug]]/client-app.tsx [Server Component]
    ./apps/web/app/[[...slug]]/page.tsx [Server Component]


    at <unknown> (Error: ./apps/web/src/components/AssistantMessage.tsx:60:7)
    at Object.getCompilationErrors (file:///Users/lipeixuan/code/002_AiAgent/open-design/node_modules/.pnpm/next@16.2.6_@opentelemetry+api@1.9.1_@playwright+test@1.60.0_react-dom@18.3.1_react@18.3.1__react@18.3.1/node_modules/next/dist/server/dev/hot-reloader-turbopack.js:1186:59)
    at DevBundlerService.getCompilationError (file:///Users/lipeixuan/code/002_AiAgent/open-design/node_modules/.pnpm/next@16.2.6_@opentelemetry+api@1.9.1_@playwright+test@1.60.0_react-dom@18.3.1_react@18.3.1__react@18.3.1/node_modules/next/dist/server/lib/dev-bundler-service.js:44:55)
    at DevServer.getCompilationError (file:///Users/lipeixuan/code/002_AiAgent/open-design/node_modules/.pnpm/next@16.2.6_@opentelemetry+api@1.9.1_@playwright+test@1.60.0_react-dom@18.3.1_react@18.3.1__react@18.3.1/node_modules/next/dist/server/dev/next-dev-server.js:720:42)
    at DevServer.findPageComponents (file:///Users/lipeixuan/code/002_AiAgent/open-design/node_modules/.pnpm/next@16.2.6_@opentelemetry+api@1.9.1_@playwright+test@1.60.0_react-dom@18.3.1_react@18.3.1__react@18.3.1/node_modules/next/dist/server/dev/next-dev-server.js:690:43)
    at async DevServer.renderErrorToResponseImpl (file:///Users/lipeixuan/code/002_AiAgent/open-design/node_modules/.pnpm/next@16.2.6_@opentelemetry+api@1.9.1_@playwright+test@1.60.0_react-dom@18.3.1_react@18.3.1__react@18.3.1/node_modules/next/dist/server/base-server.js:1753:26)
[ 4784573ms] [LOG] [HMR] connected @ http://127.0.0.1:52938/_next/static/chunks/0aet_next_dist_12nsvxx._.js:1380
[ 4784595ms] [ERROR] ./apps/web/src/components/AssistantMessage.tsx:60:7
Expected ',', got 'ident'
  58 |
  59 | // Injected by customize.ts — set to true to re-enable Discord CTAs
> 60 | const __OD_DISCORD = false;
     |       ^^^^^^^^^^^^
  61 |
  62 |   AgentEvent,
  63 |   ChatMessage,

Parsing ecmascript source code failed

Import trace:
  Client Component Browser:
    ./apps/web/src/components/AssistantMessage.tsx [Client Component Browser]
    ./apps/web/src/components/ChatPane.tsx [Client Component Browser]
    ./apps/web/src/components/DesignSystemFlow.tsx [Client Component Browser]
    ./apps/web/src/App.tsx [Client Component Browser]
    ./apps/web/app/[[...slug]]/client-app.tsx [Client Component Browser]
    ./apps/web/app/[[...slug]]/client-app.tsx [Server Component]
    ./apps/web/app/[[...slug]]/page.tsx [Server Component] @ http://127.0.0.1:52938/_next/static/chunks/0aet_next_dist_12nsvxx._.js:2099
[ 4784595ms] [ERROR] ./apps/web/src/components/EntryShell.tsx:141:7
Expected ',', got 'ident'
  139 |
  140 | // Injected by customize.ts — set to true to re-enable Discord CTAs
> 141 | const __OD_DISCORD = false;
      |       ^^^^^^^^^^^^
  142 |
  143 |   providerModelsCacheKey,
  144 |   type ProviderModelsCache,

Parsing ecmascript source code failed

Import trace:
  Client Component Browser:
    ./apps/web/src/components/EntryShell.tsx [Client Component Browser]
    ./apps/web/src/components/EntryView.tsx [Client Component Browser]
    ./apps/web/src/App.tsx [Client Component Browser]
    ./apps/web/app/[[...slug]]/client-app.tsx [Client Component Browser]
    ./apps/web/app/[[...slug]]/client-app.tsx [Server Component]
    ./apps/web/app/[[...slug]]/page.tsx [Server Component] @ http://127.0.0.1:52938/_next/static/chunks/0aet_next_dist_12nsvxx._.js:2099
[ 4784613ms] [ERROR] Failed to load resource: the server responded with a status of 500 (Internal Server Error) @ http://127.0.0.1:52938/favicon.ico:0
[ 4784656ms] [ERROR] ./apps/web/src/components/AssistantMessage.tsx:60:7
Expected ',', got 'ident'
  58 |
  59 | // Injected by customize.ts — set to true to re-enable Discord CTAs
> 60 | const __OD_DISCORD = false;
     |       ^^^^^^^^^^^^
  61 |
  62 |   AgentEvent,
  63 |   ChatMessage,

Parsing ecmascript source code failed

Import trace:
  Client Component Browser:
    ./apps/web/src/components/AssistantMessage.tsx [Client Component Browser]
    ./apps/web/src/components/ChatPane.tsx [Client Component Browser]
    ./apps/web/src/components/DesignSystemFlow.tsx [Client Component Browser]
    ./apps/web/src/App.tsx [Client Component Browser]
    ./apps/web/app/[[...slug]]/client-app.tsx [Client Component Browser]
    ./apps/web/app/[[...slug]]/client-app.tsx [Server Component]
    ./apps/web/app/[[...slug]]/page.tsx [Server Component] @ http://127.0.0.1:52938/_next/static/chunks/0aet_next_dist_12nsvxx._.js:2099
[ 4784656ms] [ERROR] ./apps/web/src/components/EntryShell.tsx:141:7
Expected ',', got 'ident'
  139 |
  140 | // Injected by customize.ts — set to true to re-enable Discord CTAs
> 141 | const __OD_DISCORD = false;
      |       ^^^^^^^^^^^^
  142 |
  143 |   providerModelsCacheKey,
  144 |   type ProviderModelsCache,

Parsing ecmascript source code failed

Import trace:
  Client Component Browser:
    ./apps/web/src/components/EntryShell.tsx [Client Component Browser]
    ./apps/web/src/components/EntryView.tsx [Client Component Browser]
    ./apps/web/src/App.tsx [Client Component Browser]
    ./apps/web/app/[[...slug]]/client-app.tsx [Client Component Browser]
    ./apps/web/app/[[...slug]]/client-app.tsx [Server Component]
    ./apps/web/app/[[...slug]]/page.tsx [Server Component] @ http://127.0.0.1:52938/_next/static/chunks/0aet_next_dist_12nsvxx._.js:2099
[ 4784720ms] [ERROR] ./apps/web/src/components/AssistantMessage.tsx:60:7
Expected ',', got 'ident'
  58 |
  59 | // Injected by customize.ts — set to true to re-enable Discord CTAs
> 60 | const __OD_DISCORD = false;
     |       ^^^^^^^^^^^^
  61 |
  62 |   AgentEvent,
  63 |   ChatMessage,

Parsing ecmascript source code failed

Import trace:
  Client Component Browser:
    ./apps/web/src/components/AssistantMessage.tsx [Client Component Browser]
    ./apps/web/src/components/ChatPane.tsx [Client Component Browser]
    ./apps/web/src/components/DesignSystemFlow.tsx [Client Component Browser]
    ./apps/web/src/App.tsx [Client Component Browser]
    ./apps/web/app/[[...slug]]/client-app.tsx [Client Component Browser]
    ./apps/web/app/[[...slug]]/client-app.tsx [Server Component]
    ./apps/web/app/[[...slug]]/page.tsx [Server Component] @ http://127.0.0.1:52938/_next/static/chunks/0aet_next_dist_12nsvxx._.js:2099
[ 4784720ms] [ERROR] ./apps/web/src/components/EntryShell.tsx:141:7
Expected ',', got 'ident'
  139 |
  140 | // Injected by customize.ts — set to true to re-enable Discord CTAs
> 141 | const __OD_DISCORD = false;
      |       ^^^^^^^^^^^^
  142 |
  143 |   providerModelsCacheKey,
  144 |   type ProviderModelsCache,

Parsing ecmascript source code failed

Import trace:
  Client Component Browser:
    ./apps/web/src/components/EntryShell.tsx [Client Component Browser]
    ./apps/web/src/components/EntryView.tsx [Client Component Browser]
    ./apps/web/src/App.tsx [Client Component Browser]
    ./apps/web/app/[[...slug]]/client-app.tsx [Client Component Browser]
    ./apps/web/app/[[...slug]]/client-app.tsx [Server Component]
    ./apps/web/app/[[...slug]]/page.tsx [Server Component] @ http://127.0.0.1:52938/_next/static/chunks/0aet_next_dist_12nsvxx._.js:2099
[ 4784788ms] [LOG] [Fast Refresh] rebuilding @ http://127.0.0.1:52938/_next/static/chunks/0aet_next_dist_12nsvxx._.js:1380
[ 4784957ms] [ERROR] ./apps/web/src/components/AssistantMessage.tsx:60:7
Expected ',', got 'ident'
  58 |
  59 | // Injected by customize.ts — set to true to re-enable Discord CTAs
> 60 | const __OD_DISCORD = false;
     |       ^^^^^^^^^^^^
  61 |
  62 |   AgentEvent,
  63 |   ChatMessage,

Parsing ecmascript source code failed

Import trace:
  Client Component Browser:
    ./apps/web/src/components/AssistantMessage.tsx [Client Component Browser]
    ./apps/web/src/components/ChatPane.tsx [Client Component Browser]
    ./apps/web/src/components/DesignSystemFlow.tsx [Client Component Browser]
    ./apps/web/src/App.tsx [Client Component Browser]
    ./apps/web/app/[[...slug]]/client-app.tsx [Client Component Browser]
    ./apps/web/app/[[...slug]]/client-app.tsx [Server Component]
    ./apps/web/app/[[...slug]]/page.tsx [Server Component] @ http://127.0.0.1:52938/_next/static/chunks/0aet_next_dist_12nsvxx._.js:2099
[ 4784957ms] [ERROR] ./apps/web/src/components/EntryShell.tsx:141:7
Expected ',', got 'ident'
  139 |
  140 | // Injected by customize.ts — set to true to re-enable Discord CTAs
> 141 | const __OD_DISCORD = false;
      |       ^^^^^^^^^^^^
  142 |
  143 |   providerModelsCacheKey,
  144 |   type ProviderModelsCache,

Parsing ecmascript source code failed

Import trace:
  Client Component Browser:
    ./apps/web/src/components/EntryShell.tsx [Client Component Browser]
    ./apps/web/src/components/EntryView.tsx [Client Component Browser]
    ./apps/web/src/App.tsx [Client Component Browser]
    ./apps/web/app/[[...slug]]/client-app.tsx [Client Component Browser]
    ./apps/web/app/[[...slug]]/client-app.tsx [Server Component]
    ./apps/web/app/[[...slug]]/page.tsx [Server Component] @ http://127.0.0.1:52938/_next/static/chunks/0aet_next_dist_12nsvxx._.js:2099
[ 4785030ms] [LOG] [Fast Refresh] rebuilding @ http://127.0.0.1:52938/_next/static/chunks/0aet_next_dist_12nsvxx._.js:1380
[ 4785201ms] [ERROR] ./apps/web/src/components/AssistantMessage.tsx:60:7
Expected ',', got 'ident'
  58 |
  59 | // Injected by customize.ts — set to true to re-enable Discord CTAs
> 60 | const __OD_DISCORD = false;
     |       ^^^^^^^^^^^^
  61 |
  62 |   AgentEvent,
  63 |   ChatMessage,

Parsing ecmascript source code failed

Import trace:
  Client Component Browser:
    ./apps/web/src/components/AssistantMessage.tsx [Client Component Browser]
    ./apps/web/src/components/ChatPane.tsx [Client Component Browser]
    ./apps/web/src/components/DesignSystemFlow.tsx [Client Component Browser]
    ./apps/web/src/App.tsx [Client Component Browser]
    ./apps/web/app/[[...slug]]/client-app.tsx [Client Component Browser]
    ./apps/web/app/[[...slug]]/client-app.tsx [Server Component]
    ./apps/web/app/[[...slug]]/page.tsx [Server Component] @ http://127.0.0.1:52938/_next/static/chunks/0aet_next_dist_12nsvxx._.js:2099
[ 4785201ms] [ERROR] ./apps/web/src/components/EntryShell.tsx:141:7
Expected ',', got 'ident'
  139 |
  140 | // Injected by customize.ts — set to true to re-enable Discord CTAs
> 141 | const __OD_DISCORD = false;
      |       ^^^^^^^^^^^^
  142 |
  143 |   providerModelsCacheKey,
  144 |   type ProviderModelsCache,

Parsing ecmascript source code failed

Import trace:
  Client Component Browser:
    ./apps/web/src/components/EntryShell.tsx [Client Component Browser]
    ./apps/web/src/components/EntryView.tsx [Client Component Browser]
    ./apps/web/src/App.tsx [Client Component Browser]
    ./apps/web/app/[[...slug]]/client-app.tsx [Client Component Browser]
    ./apps/web/app/[[...slug]]/client-app.tsx [Server Component]
    ./apps/web/app/[[...slug]]/page.tsx [Server Component] @ http://127.0.0.1:52938/_next/static/chunks/0aet_next_dist_12nsvxx._.js:2099
[ 4785269ms] [LOG] [Fast Refresh] rebuilding @ http://127.0.0.1:52938/_next/static/chunks/0aet_next_dist_12nsvxx._.js:1380
[ 4794949ms] [ERROR] ./apps/web/src/components/AssistantMessage.tsx:60:7
Expected ',', got 'ident'
  58 |
  59 | // Injected by customize.ts — set to true to re-enable Discord CTAs
> 60 | const __OD_DISCORD = false;
     |       ^^^^^^^^^^^^
  61 |
  62 |   AgentEvent,
  63 |   ChatMessage,

Parsing ecmascript source code failed

Import trace:
  Client Component Browser:
    ./apps/web/src/components/AssistantMessage.tsx [Client Component Browser]
    ./apps/web/src/components/ChatPane.tsx [Client Component Browser]
    ./apps/web/src/components/DesignSystemFlow.tsx [Client Component Browser]
    ./apps/web/src/App.tsx [Client Component Browser]
    ./apps/web/app/[[...slug]]/client-app.tsx [Client Component Browser]
    ./apps/web/app/[[...slug]]/client-app.tsx [Server Component]
    ./apps/web/app/[[...slug]]/page.tsx [Server Component] @ http://127.0.0.1:52938/_next/static/chunks/0aet_next_dist_12nsvxx._.js:2099
[ 4794949ms] [ERROR] ./apps/web/src/components/EntryShell.tsx:141:7
Expected ',', got 'ident'
  139 |
  140 | // Injected by customize.ts — set to true to re-enable Discord CTAs
> 141 | const __OD_DISCORD = false;
      |       ^^^^^^^^^^^^
  142 |
  143 |   providerModelsCacheKey,
  144 |   type ProviderModelsCache,

Parsing ecmascript source code failed

Import trace:
  Client Component Browser:
    ./apps/web/src/components/EntryShell.tsx [Client Component Browser]
    ./apps/web/src/components/EntryView.tsx [Client Component Browser]
    ./apps/web/src/App.tsx [Client Component Browser]
    ./apps/web/app/[[...slug]]/client-app.tsx [Client Component Browser]
    ./apps/web/app/[[...slug]]/client-app.tsx [Server Component]
    ./apps/web/app/[[...slug]]/page.tsx [Server Component] @ http://127.0.0.1:52938/_next/static/chunks/0aet_next_dist_12nsvxx._.js:2099
[ 4794998ms] [LOG] [Fast Refresh] rebuilding @ http://127.0.0.1:52938/_next/static/chunks/0aet_next_dist_12nsvxx._.js:1380
[ 4818080ms] [LOG] [Fast Refresh] rebuilding @ http://127.0.0.1:52938/_next/static/chunks/0aet_next_dist_12nsvxx._.js:1380
[ 4818398ms] [LOG] [Fast Refresh] done in 267ms @ http://127.0.0.1:52938/_next/static/chunks/0aet_next_dist_12nsvxx._.js:1380
[ 4818448ms] [INFO] %cDownload the React DevTools for a better development experience: https://react.dev/link/react-devtools font-weight:bold @ http://127.0.0.1:52938/_next/static/chunks/0aet_next_dist_0crlo1-._.js:2477
[ 4818460ms] [LOG] [HMR] connected @ http://127.0.0.1:52938/_next/static/chunks/0aet_next_dist_0crlo1-._.js:2477
[ 4818721ms] [LOG] [Fast Refresh] rebuilding @ http://127.0.0.1:52938/_next/static/chunks/0aet_next_dist_0crlo1-._.js:2477
[ 4818726ms] [WARNING] [Fast Refresh] performing full reload

Fast Refresh will perform a full reload when you edit a file that's imported by modules outside of the React rendering tree.
You might have a file which exports a React component but also exports a value that is imported by a non-React component file.
Consider migrating the non-React component export to a separate file and importing it into both files.

It is also possible the parent component of the component you edited is a class component, which disables Fast Refresh.
Fast Refresh requires at least one parent function component in your React tree. @ http://127.0.0.1:52938/_next/static/chunks/0aet_next_dist_0crlo1-._.js:2477
[ 4818737ms] [LOG] [Fast Refresh] done in 78ms @ http://127.0.0.1:52938/_next/static/chunks/0aet_next_dist_0crlo1-._.js:2477
[ 4818830ms] [LOG] [Fast Refresh] rebuilding @ http://127.0.0.1:52938/_next/static/chunks/0aet_next_dist_0crlo1-._.js:2477
[ 4818836ms] [WARNING] [Fast Refresh] performing full reload

Fast Refresh will perform a full reload when you edit a file that's imported by modules outside of the React rendering tree.
You might have a file which exports a React component but also exports a value that is imported by a non-React component file.
Consider migrating the non-React component export to a separate file and importing it into both files.

It is also possible the parent component of the component you edited is a class component, which disables Fast Refresh.
Fast Refresh requires at least one parent function component in your React tree. @ http://127.0.0.1:52938/_next/static/chunks/0aet_next_dist_0crlo1-._.js:2477
[ 4818837ms] [LOG] [Fast Refresh] done in 93ms @ http://127.0.0.1:52938/_next/static/chunks/0aet_next_dist_0crlo1-._.js:2477
[ 4818874ms] [LOG] [Fast Refresh] rebuilding @ http://127.0.0.1:52938/_next/static/chunks/0aet_next_dist_0crlo1-._.js:2477
[ 4818879ms] [WARNING] [Fast Refresh] performing full reload

Fast Refresh will perform a full reload when you edit a file that's imported by modules outside of the React rendering tree.
You might have a file which exports a React component but also exports a value that is imported by a non-React component file.
Consider migrating the non-React component export to a separate file and importing it into both files.

It is also possible the parent component of the component you edited is a class component, which disables Fast Refresh.
Fast Refresh requires at least one parent function component in your React tree. @ http://127.0.0.1:52938/_next/static/chunks/0aet_next_dist_0crlo1-._.js:2477
[ 4818900ms] [LOG] [Fast Refresh] done in 42ms @ http://127.0.0.1:52938/_next/static/chunks/0aet_next_dist_0crlo1-._.js:2477
[ 4819022ms] [LOG] [Fast Refresh] rebuilding @ http://127.0.0.1:52938/_next/static/chunks/0aet_next_dist_0crlo1-._.js:2477
[ 4819037ms] [WARNING] [Fast Refresh] performing full reload

Fast Refresh will perform a full reload when you edit a file that's imported by modules outside of the React rendering tree.
You might have a file which exports a React component but also exports a value that is imported by a non-React component file.
Consider migrating the non-React component export to a separate file and importing it into both files.

It is also possible the parent component of the component you edited is a class component, which disables Fast Refresh.
Fast Refresh requires at least one parent function component in your React tree. @ http://127.0.0.1:52938/_next/static/chunks/0aet_next_dist_0crlo1-._.js:2477
[ 4819045ms] [LOG] [Fast Refresh] done in 124ms @ http://127.0.0.1:52938/_next/static/chunks/0aet_next_dist_0crlo1-._.js:2477
[ 4819153ms] [LOG] [Fast Refresh] rebuilding @ http://127.0.0.1:52938/_next/static/chunks/0aet_next_dist_0crlo1-._.js:2477
[ 4819163ms] [WARNING] [Fast Refresh] performing full reload

Fast Refresh will perform a full reload when you edit a file that's imported by modules outside of the React rendering tree.
You might have a file which exports a React component but also exports a value that is imported by a non-React component file.
Consider migrating the non-React component export to a separate file and importing it into both files.

It is also possible the parent component of the component you edited is a class component, which disables Fast Refresh.
Fast Refresh requires at least one parent function component in your React tree. @ http://127.0.0.1:52938/_next/static/chunks/0aet_next_dist_0crlo1-._.js:2477
[ 4819183ms] [WARNING] [Fast Refresh] performing full reload

Fast Refresh will perform a full reload when you edit a file that's imported by modules outside of the React rendering tree.
You might have a file which exports a React component but also exports a value that is imported by a non-React component file.
Consider migrating the non-React component export to a separate file and importing it into both files.

It is also possible the parent component of the component you edited is a class component, which disables Fast Refresh.
Fast Refresh requires at least one parent function component in your React tree. @ http://127.0.0.1:52938/_next/static/chunks/0aet_next_dist_0crlo1-._.js:2477
[ 4819191ms] [LOG] [Fast Refresh] done in 138ms @ http://127.0.0.1:52938/_next/static/chunks/0aet_next_dist_0crlo1-._.js:2477
[ 4819232ms] [LOG] [Fast Refresh] rebuilding @ http://127.0.0.1:52938/_next/static/chunks/0aet_next_dist_0crlo1-._.js:2477
[ 4819236ms] [WARNING] [Fast Refresh] performing full reload

Fast Refresh will perform a full reload when you edit a file that's imported by modules outside of the React rendering tree.
You might have a file which exports a React component but also exports a value that is imported by a non-React component file.
Consider migrating the non-React component export to a separate file and importing it into both files.

It is also possible the parent component of the component you edited is a class component, which disables Fast Refresh.
Fast Refresh requires at least one parent function component in your React tree. @ http://127.0.0.1:52938/_next/static/chunks/0aet_next_dist_0crlo1-._.js:2477
[ 4819277ms] [LOG] [Fast Refresh] done in 44ms @ http://127.0.0.1:52938/_next/static/chunks/0aet_next_dist_0crlo1-._.js:2477
[ 4819318ms] [LOG] [Fast Refresh] rebuilding @ http://127.0.0.1:52938/_next/static/chunks/0aet_next_dist_0crlo1-._.js:2477
[ 4819326ms] [WARNING] [Fast Refresh] performing full reload

Fast Refresh will perform a full reload when you edit a file that's imported by modules outside of the React rendering tree.
You might have a file which exports a React component but also exports a value that is imported by a non-React component file.
Consider migrating the non-React component export to a separate file and importing it into both files.

It is also possible the parent component of the component you edited is a class component, which disables Fast Refresh.
Fast Refresh requires at least one parent function component in your React tree. @ http://127.0.0.1:52938/_next/static/chunks/0aet_next_dist_0crlo1-._.js:2477
[ 4819347ms] [LOG] [Fast Refresh] done in 50ms @ http://127.0.0.1:52938/_next/static/chunks/0aet_next_dist_0crlo1-._.js:2477
[ 4819385ms] [LOG] [Fast Refresh] rebuilding @ http://127.0.0.1:52938/_next/static/chunks/0aet_next_dist_0crlo1-._.js:2477
[ 4819389ms] [WARNING] [Fast Refresh] performing full reload

Fast Refresh will perform a full reload when you edit a file that's imported by modules outside of the React rendering tree.
You might have a file which exports a React component but also exports a value that is imported by a non-React component file.
Consider migrating the non-React component export to a separate file and importing it into both files.

It is also possible the parent component of the component you edited is a class component, which disables Fast Refresh.
Fast Refresh requires at least one parent function component in your React tree. @ http://127.0.0.1:52938/_next/static/chunks/0aet_next_dist_0crlo1-._.js:2477
[ 4819417ms] [WARNING] [Fast Refresh] performing full reload

Fast Refresh will perform a full reload when you edit a file that's imported by modules outside of the React rendering tree.
You might have a file which exports a React component but also exports a value that is imported by a non-React component file.
Consider migrating the non-React component export to a separate file and importing it into both files.

It is also possible the parent component of the component you edited is a class component, which disables Fast Refresh.
Fast Refresh requires at least one parent function component in your React tree. @ http://127.0.0.1:52938/_next/static/chunks/0aet_next_dist_0crlo1-._.js:2477
[ 4819455ms] [LOG] [Fast Refresh] done in 69ms @ http://127.0.0.1:52938/_next/static/chunks/0aet_next_dist_0crlo1-._.js:2477
[ 4819582ms] [LOG] [Fast Refresh] rebuilding @ http://127.0.0.1:52938/_next/static/chunks/0aet_next_dist_0crlo1-._.js:2477
[ 4819583ms] [WARNING] [Fast Refresh] performing full reload

Fast Refresh will perform a full reload when you edit a file that's imported by modules outside of the React rendering tree.
You might have a file which exports a React component but also exports a value that is imported by a non-React component file.
Consider migrating the non-React component export to a separate file and importing it into both files.

It is also possible the parent component of the component you edited is a class component, which disables Fast Refresh.
Fast Refresh requires at least one parent function component in your React tree. @ http://127.0.0.1:52938/_next/static/chunks/0aet_next_dist_0crlo1-._.js:2477
[ 4819590ms] [LOG] [Fast Refresh] done in 93ms @ http://127.0.0.1:52938/_next/static/chunks/0aet_next_dist_0crlo1-._.js:2477
[ 4819981ms] [INFO] %cDownload the React DevTools for a better development experience: https://react.dev/link/react-devtools font-weight:bold @ http://127.0.0.1:52938/_next/static/chunks/0aet_next_dist_0crlo1-._.js:2477
[ 4820010ms] [LOG] [HMR] connected @ http://127.0.0.1:52938/_next/static/chunks/0aet_next_dist_0crlo1-._.js:2477
[ 4821695ms] [ERROR] Failed to load resource: the server responded with a status of 500 (Internal Server Error) @ http://127.0.0.1:52938/api/amr/models:0
[ 4882230ms] [LOG] [Fast Refresh] rebuilding @ http://127.0.0.1:52938/_next/static/chunks/0aet_next_dist_0crlo1-._.js:2477
[ 4882394ms] [ERROR] ./apps/web/src/components/AssistantMessage.tsx:60:7
Expected ',', got 'ident'
  58 |
  59 | // Injected by customize.ts — set to true to re-enable Discord CTAs
> 60 | const __OD_DISCORD = false;
     |       ^^^^^^^^^^^^
  61 |
  62 |   AgentEvent,
  63 |   ChatMessage,

Parsing ecmascript source code failed

Import trace:
  Client Component Browser:
    ./apps/web/src/components/AssistantMessage.tsx [Client Component Browser]
    ./apps/web/src/components/ChatPane.tsx [Client Component Browser]
    ./apps/web/src/components/DesignSystemFlow.tsx [Client Component Browser]
    ./apps/web/src/App.tsx [Client Component Browser]
    ./apps/web/app/[[...slug]]/client-app.tsx [Client Component Browser]
    ./apps/web/app/[[...slug]]/client-app.tsx [Server Component]
    ./apps/web/app/[[...slug]]/page.tsx [Server Component] @ http://127.0.0.1:52938/_next/static/chunks/0aet_next_dist_0crlo1-._.js:3318
[ 4882394ms] [ERROR] ./apps/web/src/components/EntryShell.tsx:141:7
Expected ',', got 'ident'
  139 |
  140 | // Injected by customize.ts — set to true to re-enable Discord CTAs
> 141 | const __OD_DISCORD = false;
      |       ^^^^^^^^^^^^
  142 |
  143 |   providerModelsCacheKey,
  144 |   type ProviderModelsCache,

Parsing ecmascript source code failed

Import trace:
  Client Component Browser:
    ./apps/web/src/components/EntryShell.tsx [Client Component Browser]
    ./apps/web/src/components/EntryView.tsx [Client Component Browser]
    ./apps/web/src/App.tsx [Client Component Browser]
    ./apps/web/app/[[...slug]]/client-app.tsx [Client Component Browser]
    ./apps/web/app/[[...slug]]/client-app.tsx [Server Component]
    ./apps/web/app/[[...slug]]/page.tsx [Server Component] @ http://127.0.0.1:52938/_next/static/chunks/0aet_next_dist_0crlo1-._.js:3318
[ 4890132ms] [ERROR] ./apps/web/src/components/AssistantMessage.tsx:60:7
Expected ',', got 'ident'
  58 |
  59 | // Injected by customize.ts — set to true to re-enable Discord CTAs
> 60 | const __OD_DISCORD = false;
     |       ^^^^^^^^^^^^
  61 |
  62 |   AgentEvent,
  63 |   ChatMessage,

Parsing ecmascript source code failed

Import trace:
  Client Component Browser:
    ./apps/web/src/components/AssistantMessage.tsx [Client Component Browser]
    ./apps/web/src/components/ChatPane.tsx [Client Component Browser]
    ./apps/web/src/components/DesignSystemFlow.tsx [Client Component Browser]
    ./apps/web/src/App.tsx [Client Component Browser]
    ./apps/web/app/[[...slug]]/client-app.tsx [Client Component Browser]
    ./apps/web/app/[[...slug]]/client-app.tsx [Server Component]
    ./apps/web/app/[[...slug]]/page.tsx [Server Component] @ http://127.0.0.1:52938/_next/static/chunks/0aet_next_dist_0crlo1-._.js:3318
[ 4890132ms] [ERROR] ./apps/web/src/components/EntryShell.tsx:141:7
Expected ',', got 'ident'
  139 |
  140 | // Injected by customize.ts — set to true to re-enable Discord CTAs
> 141 | const __OD_DISCORD = false;
      |       ^^^^^^^^^^^^
  142 |
  143 |   providerModelsCacheKey,
  144 |   type ProviderModelsCache,

Parsing ecmascript source code failed

Import trace:
  Client Component Browser:
    ./apps/web/src/components/EntryShell.tsx [Client Component Browser]
    ./apps/web/src/components/EntryView.tsx [Client Component Browser]
    ./apps/web/src/App.tsx [Client Component Browser]
    ./apps/web/app/[[...slug]]/client-app.tsx [Client Component Browser]
    ./apps/web/app/[[...slug]]/client-app.tsx [Server Component]
    ./apps/web/app/[[...slug]]/page.tsx [Server Component] @ http://127.0.0.1:52938/_next/static/chunks/0aet_next_dist_0crlo1-._.js:3318
[ 4890234ms] [LOG] [Fast Refresh] rebuilding @ http://127.0.0.1:52938/_next/static/chunks/0aet_next_dist_0crlo1-._.js:2477
[ 4890242ms] [ERROR] ./apps/web/src/components/EntryShell.tsx:141:7
Expected ',', got 'ident'
  139 |
  140 | // Injected by customize.ts — set to true to re-enable Discord CTAs
> 141 | const __OD_DISCORD = false;
      |       ^^^^^^^^^^^^
  142 |
  143 |   providerModelsCacheKey,
  144 |   type ProviderModelsCache,

Parsing ecmascript source code failed

Import trace:
  Client Component Browser:
    ./apps/web/src/components/EntryShell.tsx [Client Component Browser]
    ./apps/web/src/components/EntryView.tsx [Client Component Browser]
    ./apps/web/src/App.tsx [Client Component Browser]
    ./apps/web/app/[[...slug]]/client-app.tsx [Client Component Browser]
    ./apps/web/app/[[...slug]]/client-app.tsx [Server Component]
    ./apps/web/app/[[...slug]]/page.tsx [Server Component] @ http://127.0.0.1:52938/_next/static/chunks/0aet_next_dist_0crlo1-._.js:3318
[ 4890279ms] [ERROR] ./apps/web/src/components/EntryShell.tsx:141:7
Expected ',', got 'ident'
  139 |
  140 | // Injected by customize.ts — set to true to re-enable Discord CTAs
> 141 | const __OD_DISCORD = false;
      |       ^^^^^^^^^^^^
  142 |
  143 |   providerModelsCacheKey,
  144 |   type ProviderModelsCache,

Parsing ecmascript source code failed

Import trace:
  Client Component Browser:
    ./apps/web/src/components/EntryShell.tsx [Client Component Browser]
    ./apps/web/src/components/EntryView.tsx [Client Component Browser]
    ./apps/web/src/App.tsx [Client Component Browser]
    ./apps/web/app/[[...slug]]/client-app.tsx [Client Component Browser]
    ./apps/web/app/[[...slug]]/client-app.tsx [Server Component]
    ./apps/web/app/[[...slug]]/page.tsx [Server Component] @ http://127.0.0.1:52938/_next/static/chunks/0aet_next_dist_0crlo1-._.js:3318
[ 4890381ms] [LOG] [Fast Refresh] rebuilding @ http://127.0.0.1:52938/_next/static/chunks/0aet_next_dist_0crlo1-._.js:2477
[ 4891069ms] [WARNING] [Fast Refresh] performing full reload

Fast Refresh will perform a full reload when you edit a file that's imported by modules outside of the React rendering tree.
You might have a file which exports a React component but also exports a value that is imported by a non-React component file.
Consider migrating the non-React component export to a separate file and importing it into both files.

It is also possible the parent component of the component you edited is a class component, which disables Fast Refresh.
Fast Refresh requires at least one parent function component in your React tree. @ http://127.0.0.1:52938/_next/static/chunks/0aet_next_dist_0crlo1-._.js:2477
[ 4891288ms] [LOG] [Fast Refresh] done in 788ms @ http://127.0.0.1:52938/_next/static/chunks/0aet_next_dist_0crlo1-._.js:2477
[ 4891399ms] [LOG] [Fast Refresh] rebuilding @ http://127.0.0.1:52938/_next/static/chunks/0aet_next_dist_0crlo1-._.js:2477
[ 4891461ms] [WARNING] [Fast Refresh] performing full reload

Fast Refresh will perform a full reload when you edit a file that's imported by modules outside of the React rendering tree.
You might have a file which exports a React component but also exports a value that is imported by a non-React component file.
Consider migrating the non-React component export to a separate file and importing it into both files.

It is also possible the parent component of the component you edited is a class component, which disables Fast Refresh.
Fast Refresh requires at least one parent function component in your React tree. @ http://127.0.0.1:52938/_next/static/chunks/0aet_next_dist_0crlo1-._.js:2477
[ 4891462ms] [LOG] [Fast Refresh] done in 173ms @ http://127.0.0.1:52938/_next/static/chunks/0aet_next_dist_0crlo1-._.js:2477
[ 4891506ms] [LOG] [Fast Refresh] rebuilding @ http://127.0.0.1:52938/_next/static/chunks/0aet_next_dist_0crlo1-._.js:2477
[ 4891525ms] [WARNING] [Fast Refresh] performing full reload

Fast Refresh will perform a full reload when you edit a file that's imported by modules outside of the React rendering tree.
You might have a file which exports a React component but also exports a value that is imported by a non-React component file.
Consider migrating the non-React component export to a separate file and importing it into both files.

It is also possible the parent component of the component you edited is a class component, which disables Fast Refresh.
Fast Refresh requires at least one parent function component in your React tree. @ http://127.0.0.1:52938/_next/static/chunks/0aet_next_dist_0crlo1-._.js:2477
[ 4891526ms] [LOG] [Fast Refresh] done in 64ms @ http://127.0.0.1:52938/_next/static/chunks/0aet_next_dist_0crlo1-._.js:2477
[ 4891543ms] [LOG] [Fast Refresh] rebuilding @ http://127.0.0.1:52938/_next/static/chunks/0aet_next_dist_0crlo1-._.js:2477
[ 4891555ms] [WARNING] [Fast Refresh] performing full reload

Fast Refresh will perform a full reload when you edit a file that's imported by modules outside of the React rendering tree.
You might have a file which exports a React component but also exports a value that is imported by a non-React component file.
Consider migrating the non-React component export to a separate file and importing it into both files.

It is also possible the parent component of the component you edited is a class component, which disables Fast Refresh.
Fast Refresh requires at least one parent function component in your React tree. @ http://127.0.0.1:52938/_next/static/chunks/0aet_next_dist_0crlo1-._.js:2477
[ 4891555ms] [LOG] [Fast Refresh] done in 29ms @ http://127.0.0.1:52938/_next/static/chunks/0aet_next_dist_0crlo1-._.js:2477
[ 4891571ms] [LOG] [Fast Refresh] rebuilding @ http://127.0.0.1:52938/_next/static/chunks/0aet_next_dist_0crlo1-._.js:2477
[ 4891581ms] [WARNING] [Fast Refresh] performing full reload

Fast Refresh will perform a full reload when you edit a file that's imported by modules outside of the React rendering tree.
You might have a file which exports a React component but also exports a value that is imported by a non-React component file.
Consider migrating the non-React component export to a separate file and importing it into both files.

It is also possible the parent component of the component you edited is a class component, which disables Fast Refresh.
Fast Refresh requires at least one parent function component in your React tree. @ http://127.0.0.1:52938/_next/static/chunks/0aet_next_dist_0crlo1-._.js:2477
[ 4891582ms] [LOG] [Fast Refresh] done in 26ms @ http://127.0.0.1:52938/_next/static/chunks/0aet_next_dist_0crlo1-._.js:2477
[ 4891643ms] [LOG] [Fast Refresh] rebuilding @ http://127.0.0.1:52938/_next/static/chunks/0aet_next_dist_0crlo1-._.js:2477
[ 4891651ms] [WARNING] [Fast Refresh] performing full reload

Fast Refresh will perform a full reload when you edit a file that's imported by modules outside of the React rendering tree.
You might have a file which exports a React component but also exports a value that is imported by a non-React component file.
Consider migrating the non-React component export to a separate file and importing it into both files.

It is also possible the parent component of the component you edited is a class component, which disables Fast Refresh.
Fast Refresh requires at least one parent function component in your React tree. @ http://127.0.0.1:52938/_next/static/chunks/0aet_next_dist_0crlo1-._.js:2477
[ 4891652ms] [LOG] [Fast Refresh] done in 69ms @ http://127.0.0.1:52938/_next/static/chunks/0aet_next_dist_0crlo1-._.js:2477
[ 4891705ms] [LOG] [Fast Refresh] rebuilding @ http://127.0.0.1:52938/_next/static/chunks/0aet_next_dist_0crlo1-._.js:2477
[ 4891713ms] [WARNING] [Fast Refresh] performing full reload

Fast Refresh will perform a full reload when you edit a file that's imported by modules outside of the React rendering tree.
You might have a file which exports a React component but also exports a value that is imported by a non-React component file.
Consider migrating the non-React component export to a separate file and importing it into both files.

It is also possible the parent component of the component you edited is a class component, which disables Fast Refresh.
Fast Refresh requires at least one parent function component in your React tree. @ http://127.0.0.1:52938/_next/static/chunks/0aet_next_dist_0crlo1-._.js:2477
[ 4891713ms] [LOG] [Fast Refresh] done in 61ms @ http://127.0.0.1:52938/_next/static/chunks/0aet_next_dist_0crlo1-._.js:2477
[ 4891733ms] [LOG] [Fast Refresh] rebuilding @ http://127.0.0.1:52938/_next/static/chunks/0aet_next_dist_0crlo1-._.js:2477
[ 4891749ms] [WARNING] [Fast Refresh] performing full reload

Fast Refresh will perform a full reload when you edit a file that's imported by modules outside of the React rendering tree.
You might have a file which exports a React component but also exports a value that is imported by a non-React component file.
Consider migrating the non-React component export to a separate file and importing it into both files.

It is also possible the parent component of the component you edited is a class component, which disables Fast Refresh.
Fast Refresh requires at least one parent function component in your React tree. @ http://127.0.0.1:52938/_next/static/chunks/0aet_next_dist_0crlo1-._.js:2477
[ 4891750ms] [LOG] [Fast Refresh] done in 35ms @ http://127.0.0.1:52938/_next/static/chunks/0aet_next_dist_0crlo1-._.js:2477
[ 4891770ms] [LOG] [Fast Refresh] rebuilding @ http://127.0.0.1:52938/_next/static/chunks/0aet_next_dist_0crlo1-._.js:2477
[ 4891785ms] [WARNING] [Fast Refresh] performing full reload

Fast Refresh will perform a full reload when you edit a file that's imported by modules outside of the React rendering tree.
You might have a file which exports a React component but also exports a value that is imported by a non-React component file.
Consider migrating the non-React component export to a separate file and importing it into both files.

It is also possible the parent component of the component you edited is a class component, which disables Fast Refresh.
Fast Refresh requires at least one parent function component in your React tree. @ http://127.0.0.1:52938/_next/static/chunks/0aet_next_dist_0crlo1-._.js:2477
[ 4891785ms] [LOG] [Fast Refresh] done in 35ms @ http://127.0.0.1:52938/_next/static/chunks/0aet_next_dist_0crlo1-._.js:2477
[ 4891801ms] [LOG] [Fast Refresh] rebuilding @ http://127.0.0.1:52938/_next/static/chunks/0aet_next_dist_0crlo1-._.js:2477
[ 4891809ms] [WARNING] [Fast Refresh] performing full reload

Fast Refresh will perform a full reload when you edit a file that's imported by modules outside of the React rendering tree.
You might have a file which exports a React component but also exports a value that is imported by a non-React component file.
Consider migrating the non-React component export to a separate file and importing it into both files.

It is also possible the parent component of the component you edited is a class component, which disables Fast Refresh.
Fast Refresh requires at least one parent function component in your React tree. @ http://127.0.0.1:52938/_next/static/chunks/0aet_next_dist_0crlo1-._.js:2477
[ 4891809ms] [LOG] [Fast Refresh] done in 23ms @ http://127.0.0.1:52938/_next/static/chunks/0aet_next_dist_0crlo1-._.js:2477
[ 4891829ms] [LOG] [Fast Refresh] rebuilding @ http://127.0.0.1:52938/_next/static/chunks/0aet_next_dist_0crlo1-._.js:2477
[ 4891846ms] [WARNING] [Fast Refresh] performing full reload

Fast Refresh will perform a full reload when you edit a file that's imported by modules outside of the React rendering tree.
You might have a file which exports a React component but also exports a value that is imported by a non-React component file.
Consider migrating the non-React component export to a separate file and importing it into both files.

It is also possible the parent component of the component you edited is a class component, which disables Fast Refresh.
Fast Refresh requires at least one parent function component in your React tree. @ http://127.0.0.1:52938/_next/static/chunks/0aet_next_dist_0crlo1-._.js:2477
[ 4891846ms] [LOG] [Fast Refresh] done in 36ms @ http://127.0.0.1:52938/_next/static/chunks/0aet_next_dist_0crlo1-._.js:2477
[ 4891860ms] [LOG] [Fast Refresh] rebuilding @ http://127.0.0.1:52938/_next/static/chunks/0aet_next_dist_0crlo1-._.js:2477
[ 4891868ms] [WARNING] [Fast Refresh] performing full reload

Fast Refresh will perform a full reload when you edit a file that's imported by modules outside of the React rendering tree.
You might have a file which exports a React component but also exports a value that is imported by a non-React component file.
Consider migrating the non-React component export to a separate file and importing it into both files.

It is also possible the parent component of the component you edited is a class component, which disables Fast Refresh.
Fast Refresh requires at least one parent function component in your React tree. @ http://127.0.0.1:52938/_next/static/chunks/0aet_next_dist_0crlo1-._.js:2477
[ 4891869ms] [LOG] [Fast Refresh] done in 22ms @ http://127.0.0.1:52938/_next/static/chunks/0aet_next_dist_0crlo1-._.js:2477
[ 4891882ms] [LOG] [Fast Refresh] rebuilding @ http://127.0.0.1:52938/_next/static/chunks/0aet_next_dist_0crlo1-._.js:2477
[ 4891891ms] [WARNING] [Fast Refresh] performing full reload

Fast Refresh will perform a full reload when you edit a file that's imported by modules outside of the React rendering tree.
You might have a file which exports a React component but also exports a value that is imported by a non-React component file.
Consider migrating the non-React component export to a separate file and importing it into both files.

It is also possible the parent component of the component you edited is a class component, which disables Fast Refresh.
Fast Refresh requires at least one parent function component in your React tree. @ http://127.0.0.1:52938/_next/static/chunks/0aet_next_dist_0crlo1-._.js:2477
[ 4891891ms] [LOG] [Fast Refresh] done in 22ms @ http://127.0.0.1:52938/_next/static/chunks/0aet_next_dist_0crlo1-._.js:2477
[ 4891892ms] [LOG] [Fast Refresh] rebuilding @ http://127.0.0.1:52938/_next/static/chunks/0aet_next_dist_0crlo1-._.js:2477
[ 4891893ms] [WARNING] [Fast Refresh] performing full reload

Fast Refresh will perform a full reload when you edit a file that's imported by modules outside of the React rendering tree.
You might have a file which exports a React component but also exports a value that is imported by a non-React component file.
Consider migrating the non-React component export to a separate file and importing it into both files.

It is also possible the parent component of the component you edited is a class component, which disables Fast Refresh.
Fast Refresh requires at least one parent function component in your React tree. @ http://127.0.0.1:52938/_next/static/chunks/0aet_next_dist_0crlo1-._.js:2477
[ 4891893ms] [LOG] [Fast Refresh] done in 1ms @ http://127.0.0.1:52938/_next/static/chunks/0aet_next_dist_0crlo1-._.js:2477
[ 4892906ms] [INFO] %cDownload the React DevTools for a better development experience: https://react.dev/link/react-devtools font-weight:bold @ http://127.0.0.1:52938/_next/static/chunks/0aet_next_dist_0crlo1-._.js:2477
[ 4892914ms] [LOG] [HMR] connected @ http://127.0.0.1:52938/_next/static/chunks/0aet_next_dist_0crlo1-._.js:2477
[ 4893856ms] [ERROR] Failed to load resource: the server responded with a status of 500 (Internal Server Error) @ http://127.0.0.1:52938/api/amr/models:0
[ 5002920ms] [LOG] [Fast Refresh] rebuilding @ http://127.0.0.1:52938/_next/static/chunks/0aet_next_dist_0crlo1-._.js:2477
[ 5003227ms] [ERROR] ./apps/web/src/components/AssistantMessage.tsx:60:7
Expected ',', got 'ident'
  58 |
  59 | // Injected by customize.ts — set to true to re-enable Discord CTAs
> 60 | const __OD_DISCORD = false;
     |       ^^^^^^^^^^^^
  61 |
  62 |   AgentEvent,
  63 |   ChatMessage,

Parsing ecmascript source code failed

Import trace:
  Client Component Browser:
    ./apps/web/src/components/AssistantMessage.tsx [Client Component Browser]
    ./apps/web/src/components/ChatPane.tsx [Client Component Browser]
    ./apps/web/src/components/DesignSystemFlow.tsx [Client Component Browser]
    ./apps/web/src/App.tsx [Client Component Browser]
    ./apps/web/app/[[...slug]]/client-app.tsx [Client Component Browser]
    ./apps/web/app/[[...slug]]/client-app.tsx [Server Component]
    ./apps/web/app/[[...slug]]/page.tsx [Server Component] @ http://127.0.0.1:52938/_next/static/chunks/0aet_next_dist_0crlo1-._.js:3318
[ 5003227ms] [ERROR] ./apps/web/src/components/EntryShell.tsx:141:7
Expected ',', got 'ident'
  139 |
  140 | // Injected by customize.ts — set to true to re-enable Discord CTAs
> 141 | const __OD_DISCORD = false;
      |       ^^^^^^^^^^^^
  142 |
  143 |   providerModelsCacheKey,
  144 |   type ProviderModelsCache,

Parsing ecmascript source code failed

Import trace:
  Client Component Browser:
    ./apps/web/src/components/EntryShell.tsx [Client Component Browser]
    ./apps/web/src/components/EntryView.tsx [Client Component Browser]
    ./apps/web/src/App.tsx [Client Component Browser]
    ./apps/web/app/[[...slug]]/client-app.tsx [Client Component Browser]
    ./apps/web/app/[[...slug]]/client-app.tsx [Server Component]
    ./apps/web/app/[[...slug]]/page.tsx [Server Component] @ http://127.0.0.1:52938/_next/static/chunks/0aet_next_dist_0crlo1-._.js:3318
[ 5003238ms] [ERROR] Failed to load resource: the server responded with a status of 500 (Internal Server Error) @ http://127.0.0.1:52938/projects?_rsc=_0r4Hy36CpKDM-pY:0
[ 5003286ms] [ERROR] Failed to load resource: the server responded with a status of 500 (Internal Server Error) @ http://127.0.0.1:52938/projects:0
[ 5003325ms] [INFO] %cDownload the React DevTools for a better development experience: https://reactjs.org/link/react-devtools font-weight:bold @ http://127.0.0.1:52938/_next/static/chunks/0xd~_react-dom_cjs_react-dom_development_0-qdgb3.js:25055
[ 5003365ms] Error: ./apps/web/src/components/AssistantMessage.tsx:60:7
Expected ',', got 'ident'
  58 |
  59 | // Injected by customize.ts — set to true to re-enable Discord CTAs
> 60 | const __OD_DISCORD = false;
     |       ^^^^^^^^^^^^
  61 |
  62 |   AgentEvent,
  63 |   ChatMessage,

Parsing ecmascript source code failed

Import trace:
  Client Component Browser:
    ./apps/web/src/components/AssistantMessage.tsx [Client Component Browser]
    ./apps/web/src/components/ChatPane.tsx [Client Component Browser]
    ./apps/web/src/components/DesignSystemFlow.tsx [Client Component Browser]
    ./apps/web/src/App.tsx [Client Component Browser]
    ./apps/web/app/[[...slug]]/client-app.tsx [Client Component Browser]
    ./apps/web/app/[[...slug]]/client-app.tsx [Server Component]
    ./apps/web/app/[[...slug]]/page.tsx [Server Component]


    at <unknown> (Error: ./apps/web/src/components/AssistantMessage.tsx:60:7)
    at Object.getCompilationErrors (file:///Users/lipeixuan/code/002_AiAgent/open-design/node_modules/.pnpm/next@16.2.6_@opentelemetry+api@1.9.1_@playwright+test@1.60.0_react-dom@18.3.1_react@18.3.1__react@18.3.1/node_modules/next/dist/server/dev/hot-reloader-turbopack.js:1186:59)
    at DevBundlerService.getCompilationError (file:///Users/lipeixuan/code/002_AiAgent/open-design/node_modules/.pnpm/next@16.2.6_@opentelemetry+api@1.9.1_@playwright+test@1.60.0_react-dom@18.3.1_react@18.3.1__react@18.3.1/node_modules/next/dist/server/lib/dev-bundler-service.js:44:55)
    at DevServer.getCompilationError (file:///Users/lipeixuan/code/002_AiAgent/open-design/node_modules/.pnpm/next@16.2.6_@opentelemetry+api@1.9.1_@playwright+test@1.60.0_react-dom@18.3.1_react@18.3.1__react@18.3.1/node_modules/next/dist/server/dev/next-dev-server.js:720:42)
    at DevServer.findPageComponents (file:///Users/lipeixuan/code/002_AiAgent/open-design/node_modules/.pnpm/next@16.2.6_@opentelemetry+api@1.9.1_@playwright+test@1.60.0_react-dom@18.3.1_react@18.3.1__react@18.3.1/node_modules/next/dist/server/dev/next-dev-server.js:690:43)
    at async DevServer.renderErrorToResponseImpl (file:///Users/lipeixuan/code/002_AiAgent/open-design/node_modules/.pnpm/next@16.2.6_@opentelemetry+api@1.9.1_@playwright+test@1.60.0_react-dom@18.3.1_react@18.3.1__react@18.3.1/node_modules/next/dist/server/base-server.js:1753:26)
[ 5003365ms] [LOG] [HMR] connected @ http://127.0.0.1:52938/_next/static/chunks/0aet_next_dist_12nsvxx._.js:1380
[ 5003366ms] [ERROR] ./apps/web/src/components/AssistantMessage.tsx:60:7
Expected ',', got 'ident'
  58 |
  59 | // Injected by customize.ts — set to true to re-enable Discord CTAs
> 60 | const __OD_DISCORD = false;
     |       ^^^^^^^^^^^^
  61 |
  62 |   AgentEvent,
  63 |   ChatMessage,

Parsing ecmascript source code failed

Import trace:
  Client Component Browser:
    ./apps/web/src/components/AssistantMessage.tsx [Client Component Browser]
    ./apps/web/src/components/ChatPane.tsx [Client Component Browser]
    ./apps/web/src/components/DesignSystemFlow.tsx [Client Component Browser]
    ./apps/web/src/App.tsx [Client Component Browser]
    ./apps/web/app/[[...slug]]/client-app.tsx [Client Component Browser]
    ./apps/web/app/[[...slug]]/client-app.tsx [Server Component]
    ./apps/web/app/[[...slug]]/page.tsx [Server Component] @ http://127.0.0.1:52938/_next/static/chunks/0aet_next_dist_12nsvxx._.js:2099
[ 5003366ms] [ERROR] ./apps/web/src/components/EntryShell.tsx:141:7
Expected ',', got 'ident'
  139 |
  140 | // Injected by customize.ts — set to true to re-enable Discord CTAs
> 141 | const __OD_DISCORD = false;
      |       ^^^^^^^^^^^^
  142 |
  143 |   providerModelsCacheKey,
  144 |   type ProviderModelsCache,

Parsing ecmascript source code failed

Import trace:
  Client Component Browser:
    ./apps/web/src/components/EntryShell.tsx [Client Component Browser]
    ./apps/web/src/components/EntryView.tsx [Client Component Browser]
    ./apps/web/src/App.tsx [Client Component Browser]
    ./apps/web/app/[[...slug]]/client-app.tsx [Client Component Browser]
    ./apps/web/app/[[...slug]]/client-app.tsx [Server Component]
    ./apps/web/app/[[...slug]]/page.tsx [Server Component] @ http://127.0.0.1:52938/_next/static/chunks/0aet_next_dist_12nsvxx._.js:2099
[ 5003375ms] [ERROR] Failed to load resource: the server responded with a status of 500 (Internal Server Error) @ http://127.0.0.1:52938/favicon.ico:0
[ 5003399ms] [ERROR] ./apps/web/src/components/AssistantMessage.tsx:60:7
Expected ',', got 'ident'
  58 |
  59 | // Injected by customize.ts — set to true to re-enable Discord CTAs
> 60 | const __OD_DISCORD = false;
     |       ^^^^^^^^^^^^
  61 |
  62 |   AgentEvent,
  63 |   ChatMessage,

Parsing ecmascript source code failed

Import trace:
  Client Component Browser:
    ./apps/web/src/components/AssistantMessage.tsx [Client Component Browser]
    ./apps/web/src/components/ChatPane.tsx [Client Component Browser]
    ./apps/web/src/components/DesignSystemFlow.tsx [Client Component Browser]
    ./apps/web/src/App.tsx [Client Component Browser]
    ./apps/web/app/[[...slug]]/client-app.tsx [Client Component Browser]
    ./apps/web/app/[[...slug]]/client-app.tsx [Server Component]
    ./apps/web/app/[[...slug]]/page.tsx [Server Component] @ http://127.0.0.1:52938/_next/static/chunks/0aet_next_dist_12nsvxx._.js:2099
[ 5003399ms] [ERROR] ./apps/web/src/components/EntryShell.tsx:141:7
Expected ',', got 'ident'
  139 |
  140 | // Injected by customize.ts — set to true to re-enable Discord CTAs
> 141 | const __OD_DISCORD = false;
      |       ^^^^^^^^^^^^
  142 |
  143 |   providerModelsCacheKey,
  144 |   type ProviderModelsCache,

Parsing ecmascript source code failed

Import trace:
  Client Component Browser:
    ./apps/web/src/components/EntryShell.tsx [Client Component Browser]
    ./apps/web/src/components/EntryView.tsx [Client Component Browser]
    ./apps/web/src/App.tsx [Client Component Browser]
    ./apps/web/app/[[...slug]]/client-app.tsx [Client Component Browser]
    ./apps/web/app/[[...slug]]/client-app.tsx [Server Component]
    ./apps/web/app/[[...slug]]/page.tsx [Server Component] @ http://127.0.0.1:52938/_next/static/chunks/0aet_next_dist_12nsvxx._.js:2099
[ 5003469ms] [LOG] [Fast Refresh] rebuilding @ http://127.0.0.1:52938/_next/static/chunks/0aet_next_dist_12nsvxx._.js:1380
[ 5003559ms] [ERROR] ./apps/web/src/components/AssistantMessage.tsx:60:7
Expected ',', got 'ident'
  58 |
  59 | // Injected by customize.ts — set to true to re-enable Discord CTAs
> 60 | const __OD_DISCORD = false;
     |       ^^^^^^^^^^^^
  61 |
  62 |   AgentEvent,
  63 |   ChatMessage,

Parsing ecmascript source code failed

Import trace:
  Client Component Browser:
    ./apps/web/src/components/AssistantMessage.tsx [Client Component Browser]
    ./apps/web/src/components/ChatPane.tsx [Client Component Browser]
    ./apps/web/src/components/DesignSystemFlow.tsx [Client Component Browser]
    ./apps/web/src/App.tsx [Client Component Browser]
    ./apps/web/app/[[...slug]]/client-app.tsx [Client Component Browser]
    ./apps/web/app/[[...slug]]/client-app.tsx [Server Component]
    ./apps/web/app/[[...slug]]/page.tsx [Server Component] @ http://127.0.0.1:52938/_next/static/chunks/0aet_next_dist_12nsvxx._.js:2099
[ 5003559ms] [ERROR] ./apps/web/src/components/EntryShell.tsx:141:7
Expected ',', got 'ident'
  139 |
  140 | // Injected by customize.ts — set to true to re-enable Discord CTAs
> 141 | const __OD_DISCORD = false;
      |       ^^^^^^^^^^^^
  142 |
  143 |   providerModelsCacheKey,
  144 |   type ProviderModelsCache,

Parsing ecmascript source code failed

Import trace:
  Client Component Browser:
    ./apps/web/src/components/EntryShell.tsx [Client Component Browser]
    ./apps/web/src/components/EntryView.tsx [Client Component Browser]
    ./apps/web/src/App.tsx [Client Component Browser]
    ./apps/web/app/[[...slug]]/client-app.tsx [Client Component Browser]
    ./apps/web/app/[[...slug]]/client-app.tsx [Server Component]
    ./apps/web/app/[[...slug]]/page.tsx [Server Component] @ http://127.0.0.1:52938/_next/static/chunks/0aet_next_dist_12nsvxx._.js:2099
[ 5003624ms] [LOG] [Fast Refresh] rebuilding @ http://127.0.0.1:52938/_next/static/chunks/0aet_next_dist_12nsvxx._.js:1380
[ 5003689ms] [ERROR] ./apps/web/src/components/AssistantMessage.tsx:60:7
Expected ',', got 'ident'
  58 |
  59 | // Injected by customize.ts — set to true to re-enable Discord CTAs
> 60 | const __OD_DISCORD = false;
     |       ^^^^^^^^^^^^
  61 |
  62 |   AgentEvent,
  63 |   ChatMessage,

Parsing ecmascript source code failed

Import trace:
  Client Component Browser:
    ./apps/web/src/components/AssistantMessage.tsx [Client Component Browser]
    ./apps/web/src/components/ChatPane.tsx [Client Component Browser]
    ./apps/web/src/components/DesignSystemFlow.tsx [Client Component Browser]
    ./apps/web/src/App.tsx [Client Component Browser]
    ./apps/web/app/[[...slug]]/client-app.tsx [Client Component Browser]
    ./apps/web/app/[[...slug]]/client-app.tsx [Server Component]
    ./apps/web/app/[[...slug]]/page.tsx [Server Component] @ http://127.0.0.1:52938/_next/static/chunks/0aet_next_dist_12nsvxx._.js:2099
[ 5003689ms] [ERROR] ./apps/web/src/components/EntryShell.tsx:141:7
Expected ',', got 'ident'
  139 |
  140 | // Injected by customize.ts — set to true to re-enable Discord CTAs
> 141 | const __OD_DISCORD = false;
      |       ^^^^^^^^^^^^
  142 |
  143 |   providerModelsCacheKey,
  144 |   type ProviderModelsCache,

Parsing ecmascript source code failed

Import trace:
  Client Component Browser:
    ./apps/web/src/components/EntryShell.tsx [Client Component Browser]
    ./apps/web/src/components/EntryView.tsx [Client Component Browser]
    ./apps/web/src/App.tsx [Client Component Browser]
    ./apps/web/app/[[...slug]]/client-app.tsx [Client Component Browser]
    ./apps/web/app/[[...slug]]/client-app.tsx [Server Component]
    ./apps/web/app/[[...slug]]/page.tsx [Server Component] @ http://127.0.0.1:52938/_next/static/chunks/0aet_next_dist_12nsvxx._.js:2099
[ 5003757ms] [LOG] [Fast Refresh] rebuilding @ http://127.0.0.1:52938/_next/static/chunks/0aet_next_dist_12nsvxx._.js:1380
[ 5031146ms] [LOG] [Fast Refresh] rebuilding @ http://127.0.0.1:52938/_next/static/chunks/0aet_next_dist_12nsvxx._.js:1380
[ 5031381ms] [LOG] [Fast Refresh] done in 125ms @ http://127.0.0.1:52938/_next/static/chunks/0aet_next_dist_12nsvxx._.js:1380
[ 5031427ms] [INFO] %cDownload the React DevTools for a better development experience: https://react.dev/link/react-devtools font-weight:bold @ http://127.0.0.1:52938/_next/static/chunks/0aet_next_dist_0crlo1-._.js:2477
[ 5031444ms] [LOG] [HMR] connected @ http://127.0.0.1:52938/_next/static/chunks/0aet_next_dist_0crlo1-._.js:2477
[ 5032650ms] [ERROR] Failed to load resource: the server responded with a status of 500 (Internal Server Error) @ http://127.0.0.1:52938/api/amr/models:0
